scratch/backfill_stock_movements.ts(24,20): error TS2339: Property 'map' does not exist on type 'unknown'.
scratch/backfill_stock_movements.ts(25,23): error TS2339: Property 'map' does not exist on type 'unknown'.
server/routes/materials.ts(39,68): error TS2769: No overload matches this call.
  Overload 1 of 2, '(value: { name: string | SQL<unknown> | Placeholder<string, any>; id?: number | SQL<unknown> | Placeholder<string, any>; address?: string | SQL<unknown> | Placeholder<string, any>; ... 4 more ...; contactPerson?: string | ... 1 more ... | Placeholder<...>; }): PgInsertBase<...>', gave the following error.
    Argument of type 'Record<string, never>' is not assignable to parameter of type '{ name: string | SQL<unknown> | Placeholder<string, any>; id?: number | SQL<unknown> | Placeholder<string, any>; address?: string | SQL<unknown> | Placeholder<string, any>; ... 4 more ...; contactPerson?: string | ... 1 more ... | Placeholder<...>; }'.
      Property 'name' is missing in type 'Record<string, never>' but required in type '{ name: string | SQL<unknown> | Placeholder<string, any>; id?: number | SQL<unknown> | Placeholder<string, any>; address?: string | SQL<unknown> | Placeholder<string, any>; ... 4 more ...; contactPerson?: string | ... 1 more ... | Placeholder<...>; }'.
  Overload 2 of 2, '(values: { name: string | SQL<unknown> | Placeholder<string, any>; id?: number | SQL<unknown> | Placeholder<string, any>; address?: string | SQL<unknown> | Placeholder<string, any>; ... 4 more ...; contactPerson?: string | ... 1 more ... | Placeholder<...>; }[]): PgInsertBase<...>', gave the following error.
    Argument of type 'Record<string, never>' is not assignable to parameter of type '{ name: string | SQL<unknown> | Placeholder<string, any>; id?: number | SQL<unknown> | Placeholder<string, any>; address?: string | SQL<unknown> | Placeholder<string, any>; ... 4 more ...; contactPerson?: string | ... 1 more ... | Placeholder<...>; }[]'.
      Type 'Record<string, never>' is missing the following properties from type '{ name: string | SQL<unknown> | Placeholder<string, any>; id?: number | SQL<unknown> | Placeholder<string, any>; address?: string | SQL<unknown> | Placeholder<string, any>; ... 4 more ...; contactPerson?: string | ... 1 more ... | Placeholder<...>; }[]': length, pop, push, concat, and 29 more.
